================================================================================
  SPRS Tournament v8.0 — Mode: PHASE1 (SW-ONLY) [resume]
================================================================================
  Instances:   40
  Phase 1:     180 S2xS3 x 40 inst = 7200 items
  HW Sim:      SKIPPED (--skip-hw)
  Eval timeout: 1800s  |  Sim timeout: 3600s
  Winner tiers: 3 (Max 15)  |  ALU: FADD
  Output:      /home/rohit/tournament_p1/results/

  Precomputing...
  Done in 17.0s
  Lower bounds: 40 instances

--------------------------------------------------------------------------------
  PHASE 1: Unified SW eval + TB gen + HW sim (single pass)
--------------------------------------------------------------------------------
  [i] PHASE 1 SW-resume: loaded 30 instance(s) from disk (5110 rows, 1825 unique TBs)
  1800 items (10 instances to run, 30 resumed) on 12 workers

  Step 1: SW eval + TB gen + per-instance dedup (streaming)
    [    45/1800]   2.5%  0.9/s  ETA=32.2m  inst=30/40  ok=5145
    [    90/1800]   5.0%  0.7/s  ETA=43.7m  inst=30/40  ok=5190
    [   135/1800]   7.5%  0.3/s  ETA=1.7h  inst=30/40  ok=5235
    [   180/1800]  10.0%  0.3/s  ETA=1.6h  inst=30/40  ok=5276
    [   225/1800]  12.5%  0.3/s  ETA=1.5h  inst=30/40  ok=5315
    [   270/1800]  15.0%  0.3/s  ETA=1.4h  inst=30/40  ok=5360
    [   315/1800]  17.5%  0.3/s  ETA=1.2h  inst=30/40  ok=5405
    [   360/1800]  20.0%  0.3/s  ETA=1.4h  inst=30/40  ok=5446
    [dedup vlarge_mod_ring] 109/170 unique (35.9% dedup)
    [dedup vlarge2_bal_fat] 75/170 unique (55.9% dedup)
    [   405/1800]  22.5%  0.2/s  ETA=1.6h  inst=32/40  ok=5485
    [   450/1800]  25.0%  0.2/s  ETA=1.8h  inst=32/40  ok=5530
    [   495/1800]  27.5%  0.2/s  ETA=1.9h  inst=32/40  ok=5575
    [   540/1800]  30.0%  0.2/s  ETA=1.8h  inst=32/40  ok=5616
    [   585/1800]  32.5%  0.2/s  ETA=1.8h  inst=32/40  ok=5655
    [   630/1800]  35.0%  0.2/s  ETA=1.7h  inst=32/40  ok=5700
    [   675/1800]  37.5%  0.2/s  ETA=1.6h  inst=32/40  ok=5745
    [   720/1800]  40.0%  0.2/s  ETA=1.5h  inst=32/40  ok=5786
    [dedup max_mod_fat] 93/170 unique (45.3% dedup)
    [   765/1800]  42.5%  0.2/s  ETA=1.4h  inst=33/40  ok=5825
    [dedup max_bal_2d] 132/170 unique (22.4% dedup)
    [   810/1800]  45.0%  0.2/s  ETA=1.4h  inst=34/40  ok=5870
    [   855/1800]  47.5%  0.2/s  ETA=1.4h  inst=34/40  ok=5915
    [   900/1800]  50.0%  0.2/s  ETA=1.5h  inst=34/40  ok=5958
    [dedup max_dense_hc] 109/166 unique (34.3% dedup)
    [   945/1800]  52.5%  0.1/s  ETA=1.8h  inst=35/40  ok=5990
    [   990/1800]  55.0%  0.1/s  ETA=2.1h  inst=35/40  ok=6033
    [  1035/1800]  57.5%  0.1/s  ETA=2.2h  inst=35/40  ok=6070
    [  1080/1800]  60.0%  0.1/s  ETA=2.2h  inst=35/40  ok=6107
    [  1125/1800]  62.5%  0.1/s  ETA=2.2h  inst=35/40  ok=6144
    [  1170/1800]  65.0%  0.1/s  ETA=2.1h  inst=35/40  ok=6186
    [dedup maxp_mod_fat] 76/141 unique (46.1% dedup)
    [  1215/1800]  67.5%  0.1/s  ETA=2.0h  inst=36/40  ok=6230
    [  1260/1800]  70.0%  0.1/s  ETA=1.8h  inst=36/40  ok=6271
    [  1305/1800]  72.5%  0.1/s  ETA=1.6h  inst=36/40  ok=6310
    [  1350/1800]  75.0%  0.1/s  ETA=1.5h  inst=36/40  ok=6355
    [  1395/1800]  77.5%  0.1/s  ETA=1.3h  inst=36/40  ok=6400
    [  1440/1800]  80.0%  0.1/s  ETA=1.1h  inst=36/40  ok=6441
    [  1485/1800]  82.5%  0.1/s  ETA=58.3m  inst=36/40  ok=6480
    [  1530/1800]  85.0%  0.1/s  ETA=48.8m  inst=36/40  ok=6525
    [  1575/1800]  87.5%  0.1/s  ETA=39.8m  inst=36/40  ok=6570
    [dedup maxp_bal_2d] 142/170 unique (16.5% dedup)
    [  1620/1800]  90.0%  0.1/s  ETA=31.2m  inst=37/40  ok=6611
    [  1665/1800]  92.5%  0.1/s  ETA=23.1m  inst=37/40  ok=6650
    [dedup maxp_dense_hc] 113/170 unique (33.5% dedup)
    [  1710/1800]  95.0%  0.1/s  ETA=15.1m  inst=38/40  ok=6695
    [dedup vlarge_bal_mesh] 127/170 unique (25.3% dedup)
    [  1755/1800]  97.5%  0.1/s  ETA=7.5m  inst=39/40  ok=6740
    [dedup vlarge2_mod_ring] 119/170 unique (30.0% dedup)
    [  1800/1800] 100.0%  0.1/s  ETA=0s  inst=40/40  ok=6785

  Step 1 done in 5.4h
  Valid: 6785  |  Instances: 40
  Unique TBs: 2920 / 6777 (56.9% dedup)

  Step 3: SKIPPED (--skip-hw)

  Selecting winners (tiers=3, max=15)
  SW winners: 392 across 40 instances
  Unique (S2,S3) pairs: 65

--------------------------------------------------------------------------------
  GENERATING REPORTS
--------------------------------------------------------------------------------

================================================================================
  RESULTS
================================================================================
  Instance                  Best Pipeline                 MS      Om   Ratio   HW
  ------------------------------------------------------------------------------
  tiny_mod_ring             2b|3b                         30      13    2.31    -
  tiny_dense_1d             2b|3a                         37      24    1.54    -
  small_mod_2d              2l|3c                         43      16    2.69    -
  small_bal_fat             2b|3e                         36      24    1.50    -
  small_dense_hc            2b|3b                         72      48    1.50    -
  med_mod_ring              2b|3e                         71      32    2.22    -
  med_mod_fat               2b|3e                         40      24    1.67    -
  med_bal_2d                2b|3b                         86      48    1.79    -
  med_dense_mesh            2b|3b                        135      96    1.41    -
  med_extreme_1d            2b|3b                        240     192    1.25    -
  large_mod_ring            2p|3i                        170      82    2.07    -
  large_bal_fat             2b|3e                         70      48    1.46    -
  large_dense_hc            2b|3b                        149      96    1.55    -
  large_dense_2d            2b|3b                        254     192    1.32    -
  large_extreme_1d          2b|3b                        471     384    1.23    -
  vlarge_mod_ring           2b|3e                        309     147    2.10    -
  vlarge_bal_fat            2b|3e                         72      48    1.50    -
  vlarge_dense_2d           2b|3b                        156      96    1.62    -
  vlarge_dense_hc           2b|3b                        261     192    1.36    -
  vlarge2_bal_fat           2b|3e                         74      48    1.54    -
  vlarge2_dense_2d          2b|3b                        163      96    1.70    -
  max_mod_fat               2o|3e                         38      23    1.65    -
  max_bal_2d                2b|3b                        106      36    2.94    -
  max_dense_hc              2b|3b                        121      48    2.52    -
  maxp_mod_fat              2o|3e                         40      24    1.67    -
  maxp_bal_2d               2b|3b                        119      44    2.70    -
  maxp_dense_hc             2b|3b                        128      48    2.67    -
  large_bal_mesh            2b|3b                        100      48    2.08    -
  vlarge_bal_mesh           2b|3b                        118      48    2.46    -
  med_full_torus            2g|3j                         49      23    2.13    -
  vlarge2_mod_ring          2p|3b                        322     147    2.19    -
  vlarge_extreme_1d         2b|3b                        479     384    1.25    -
  npow2n_tiny_ring          2o|3a                         32      18    1.78    -
  npow2g_small_mesh         2l|3h                         39      24    1.62    -
  npow2_tiny_hc             2o|3a                         73      48    1.52    -
  npow2_small_torus         2k|3a                        123      60    2.05    -
  npow2_med_fat             2k|3a                        173     102    1.70    -
  large_unbal_torus         2b|3b                        149      96    1.55    -
  vlarge_unbal_hc           2k|3b                        262     144    1.82    -
  max_unbal_fat             2o|3e                        238     144    1.65    -

  Output: /home/rohit/tournament_p1/results/
  Summary: /home/rohit/tournament_p1/results/summary.csv
  tiny_mod_ring/: lower_bounds.json, p1_sw_winners.csv, sw_results.csv, tb_2a_3a_none.sv, tb_2b_3a_none.sv, tb_2c_3a_none.sv, tb_2d_3a_none.sv, tb_2f_3a_none.sv, tb_2g_3a_none.sv, tb_2h_3a_none.sv, tb_2i_3a_none.sv, tb_2j_3a_none.sv, tb_2k_3a_none.sv, tb_2l_3a_none.sv, tb_2n_3a_none.sv, tb_2o_3a_none.sv, tb_2p_3a_none.sv, tb_2q_3a_none.sv, tb_2r_3a_none.sv, unified_results.csv, winners.csv
  tiny_dense_1d/: lower_bounds.json, p1_sw_winners.csv, sw_results.csv, tb_2a_3e_none.sv, tb_2b_3a_none.sv, tb_2c_3a_none.sv, tb_2f_3a_none.sv, tb_2g_3a_none.sv, tb_2h_3a_none.sv, tb_2i_3a_none.sv, tb_2k_3e_none.sv, tb_2m_3e_none.sv, tb_2n_3a_none.sv, tb_2p_3a_none.sv, tb_2r_3a_none.sv, unified_results.csv, winners.csv
  small_mod_2d/: lower_bounds.json, p1_sw_winners.csv, sw_results.csv, tb_2a_3i_none.sv, tb_2b_3a_none.sv, tb_2b_3h_none.sv, tb_2c_3a_none.sv, tb_2d_3a_none.sv, tb_2d_3b_none.sv, tb_2d_3d_none.sv, tb_2d_3g_none.sv, tb_2d_3j_none.sv, tb_2f_3a_none.sv, tb_2g_3i_none.sv, tb_2h_3a_none.sv, tb_2h_3b_none.sv, tb_2h_3c_none.sv, tb_2h_3d_none.sv, tb_2h_3e_none.sv, tb_2h_3f_none.sv, tb_2i_3i_none.sv, tb_2j_3a_none.sv, tb_2k_3a_none.sv, tb_2k_3h_none.sv, tb_2l_3a_none.sv, tb_2n_3a_none.sv, tb_2n_3c_none.sv, tb_2n_3e_none.sv, tb_2n_3f_none.sv, tb_2n_3h_none.sv, tb_2o_3i_none.sv, tb_2p_3a_none.sv, tb_2p_3c_none.sv, tb_2p_3e_none.sv, tb_2p_3g_none.sv, tb_2p_3h_none.sv, tb_2q_3a_none.sv, tb_2q_3f_none.sv, tb_2q_3i_none.sv, tb_2r_3a_none.sv, tb_2r_3b_none.sv, tb_2r_3d_none.sv, tb_2r_3e_none.sv, tb_2r_3f_none.sv, tb_2r_3h_none.sv, tb_2r_3j_none.sv, unified_results.csv, winners.csv
  ... +37 more
================================================================================

